Command
  Opcode  0x21  GET_CONFIGURATION
  Address  0x0020  Channel 1 Capabilities and Configurations
  CRC  0xC8  ok
TAR  2 clocks
Response
  Response  0x08  ACCEPT
  Data  0x003F3F03
    Operating Maximum Virtual Wire Count  63  resolves to 64
    Maximum Virtual Wire Count Supported  63  resolves to 64
    Virtual Wire Channel Ready  1
    Virtual Wire Channel Enable  1
  Status  0x010F
    PC_FREE  bit 0 = 1
    NP_FREE  bit 1 = 1
    VWIRE_FREE  bit 2 = 1
    OOB_FREE  bit 3 = 1
    FLASH_C_FREE  bit 8 = 1
  CRC  0x48  ok
