Command
  Opcode  0x03  GET_NP
  CRC  0x09  ok
TAR  2 clocks
Response
  Response  0x08  ACCEPT
  Cycle Type  0x00  Memory Read 32
    Command Type  Non-Posted
    Direction  either direction
  Tag  0x5
  Length  0x004  4 bytes
  Address  0x00400000
  Status  0x010F
    PC_FREE  bit 0 = 1
    NP_FREE  bit 1 = 1
    VWIRE_FREE  bit 2 = 1
    OOB_FREE  bit 3 = 1
    FLASH_C_FREE  bit 8 = 1
  CRC  0xDB  ok
