Command
  Opcode  0x0C  not a defined command opcode [ERROR]
---
Command
  Opcode  0xFF  RESET
  Ignored  1 byte  00
    Reset Pattern  Figure 65 draws 16 clocks with every I/O line high; this frame has ignored bytes that are not all FFh [!]
  Register Reset  008h-00Bh General Capabilities and Configurations at the chip select deassertion edge; every other register retains its value
---
Command
  Opcode  0x21  GET_CONFIGURATION
  Address  0x0020  Channel 1 Capabilities and Configurations
  CRC  0xC9  BAD, computed 0xC8 [ERROR]
TAR  2 clocks
Response
  Response  0x08  ACCEPT
  Data  0x00000B00
    Operating Maximum Virtual Wire Count  0  resolves to 1
    Maximum Virtual Wire Count Supported  11  resolves to 12
    Virtual Wire Channel Ready  0
    Virtual Wire Channel Enable  0
  Status  0x010F
    PC_FREE  bit 0 = 1
    NP_FREE  bit 1 = 1
    VWIRE_FREE  bit 2 = 1
    OOB_FREE  bit 3 = 1
    FLASH_C_FREE  bit 8 = 1
  CRC  0x91  ok
---
Command
  Opcode  0x21  GET_CONFIGURATION
TRUNCATED  chip select deasserted mid-packet [ERROR]
---
Command
  Opcode  0x21  GET_CONFIGURATION
  Address  0xF020  reaches Channel 1 Capabilities and Configurations, but the top 4 address bits must be driven to zero [!]
  CRC  0xDC  ok
TAR  2 clocks
Response
  Response  0x08  ACCEPT
  Data  0x00000B00
    Register Layout  address is malformed, so the register it names is not trusted [!]
  Status  0x010F
    PC_FREE  bit 0 = 1
    NP_FREE  bit 1 = 1
    VWIRE_FREE  bit 2 = 1
    OOB_FREE  bit 3 = 1
    FLASH_C_FREE  bit 8 = 1
  CRC  0x91  ok
---
Command
  Opcode  0x21  GET_CONFIGURATION
  Address  0x0022  inside Channel 1 Capabilities and Configurations, but address bits [1:0] are hard-wired to 00 [!]
  CRC  0xC6  ok
TAR  2 clocks
Response
  Response  0x08  ACCEPT
  Data  0x00000000
    Register Layout  address is not DWord aligned, so it names no register [!]
  Status  0x010F
    PC_FREE  bit 0 = 1
    NP_FREE  bit 1 = 1
    VWIRE_FREE  bit 2 = 1
    OOB_FREE  bit 3 = 1
    FLASH_C_FREE  bit 8 = 1
  CRC  0x2E  ok
---
Command
  Opcode  0x21  GET_CONFIGURATION
  Address  0x0050  Reserved
  CRC  0x9F  ok
TAR  2 clocks
Response
  Response  0x08  ACCEPT
  Data  0x00000000
    Register Layout  Reserved -- not a register with a layout [!]
  Status  0x010F
    PC_FREE  bit 0 = 1
    NP_FREE  bit 1 = 1
    VWIRE_FREE  bit 2 = 1
    OOB_FREE  bit 3 = 1
    FLASH_C_FREE  bit 8 = 1
  CRC  0x2E  ok
---
Command
  Opcode  0x00  PUT_PC
  Cycle Type  0x21  no cycle type with this encoding on the Peripheral channel -- packet length unknown, decode stopped [ERROR]
---
Command
  Opcode  0x42  PUT_IORD_SHORT
  Request Length  C1C0 = 10b is Reserved -- packet length unknown, decode stopped [ERROR]
---
Command
  Opcode  0x06  PUT_OOB
  Cycle Type  0x00  no cycle type with this encoding on the OOB channel -- packet length unknown, decode stopped [ERROR]
---
Command
  Opcode  0x06  PUT_OOB
  Cycle Type  0x21  OOB (Tunneled SMBus) Message
    Command Type  Posted
    Direction  either direction
  Tag  0x0
  Length  0x008  8 bytes
  SMBus Packet  8 bytes
    Target Address  0x2C  address 0x16
    Command Opcode  0x0F  MCTP
    Byte Count  0x02  2 bytes, excluding the 3 SMBus header bytes and the PEC
    SMBus Byte Count  Length 8 leaves 3 bytes after the 3 header bytes and 2 counted bytes, and the only byte allowed there is an optional PEC [ERROR]
    Data  5 bytes  AA BB CC DD EE
  CRC  0x73  ok
TAR  2 clocks
Response
  Response  0x08  ACCEPT
  Status  0x010F
    PC_FREE  bit 0 = 1
    NP_FREE  bit 1 = 1
    VWIRE_FREE  bit 2 = 1
    OOB_FREE  bit 3 = 1
    FLASH_C_FREE  bit 8 = 1
  CRC  0x95  ok
