Command
  Opcode  0xFF  RESET
  Ignored  7 bytes  FF FF FF FF FF FF FF
  Register Reset  008h-00Bh General Capabilities and Configurations at the chip select deassertion edge; every other register retains its value
Session
  I/O Mode  0x0  Single I/O, from this chip select's deassertion edge
  CRC Checking  0  disabled, from this chip select's deassertion edge
