Command
  Opcode  0x22  SET_CONFIGURATION
  Address  0x0008  General Capabilities and Configurations
  Data  0x8B34000F
    CRC Checking Enable  1
    Response Modifier Enable  0
    RTC-Integrated-BMC  0
    Alert Mode  0
    I/O Mode Select  0x2  Quad I/O
    I/O Mode Support  0x3  Single, Dual and Quad I/O
    Open Drain Alert# Select  0
    Operating Frequency  0x3  50 MHz
    Open Drain Alert# Supported  0
    Maximum Frequency Supported  0x4  66 MHz
    Maximum WAIT STATE Allowed  0x0  16 byte times
    Channel Supported  0x0F
      Peripheral Channel  bit 0 = 1
      Virtual Wire Channel  bit 1 = 1
      OOB Message Channel  bit 2 = 1
      Flash Access Channel  bit 3 = 1
  CRC  0xC6  ok
TAR  2 clocks
Response
  Response  0x08  ACCEPT
  Status  0x010F
    PC_FREE  bit 0 = 1
    NP_FREE  bit 1 = 1
    VWIRE_FREE  bit 2 = 1
    OOB_FREE  bit 3 = 1
    FLASH_C_FREE  bit 8 = 1
  CRC  0x95  ok
Session
  I/O Mode  0x2  Quad I/O, from this chip select's deassertion edge
  CRC Checking  1  enabled, from this chip select's deassertion edge
---
Command
  Opcode  0x22  SET_CONFIGURATION
  Address  0x0008  General Capabilities and Configurations
  Data  0x8734000F
    CRC Checking Enable  1
    Response Modifier Enable  0
    RTC-Integrated-BMC  0
    Alert Mode  0
    I/O Mode Select  0x1  Dual I/O
    I/O Mode Support  0x3  Single, Dual and Quad I/O
    Open Drain Alert# Select  0
    Operating Frequency  0x3  50 MHz
    Open Drain Alert# Supported  0
    Maximum Frequency Supported  0x4  66 MHz
    Maximum WAIT STATE Allowed  0x0  16 byte times
    Channel Supported  0x0F
      Peripheral Channel  bit 0 = 1
      Virtual Wire Channel  bit 1 = 1
      OOB Message Channel  bit 2 = 1
      Flash Access Channel  bit 3 = 1
  CRC  0xE2  ok
TAR  2 clocks
Response
  Response  0x02  NON_FATAL_ERROR [!]
  Status  0x010F
    PC_FREE  bit 0 = 1
    NP_FREE  bit 1 = 1
    VWIRE_FREE  bit 2 = 1
    OOB_FREE  bit 3 = 1
    FLASH_C_FREE  bit 8 = 1
  CRC  0x12  ok
Session
  Settings Uncertain  the write to General Capabilities and Configurations did not complete, so the I/O mode and CRC checking in force after this chip select are unknown [!]
---
Command
  Opcode  0x22  SET_CONFIGURATION
  Address  0x0008  General Capabilities and Configurations
  Data  0x0734000F
    CRC Checking Enable  0
    Response Modifier Enable  0
    RTC-Integrated-BMC  0
    Alert Mode  0
    I/O Mode Select  0x1  Dual I/O
    I/O Mode Support  0x3  Single, Dual and Quad I/O
    Open Drain Alert# Select  0
    Operating Frequency  0x3  50 MHz
    Open Drain Alert# Supported  0
    Maximum Frequency Supported  0x4  66 MHz
    Maximum WAIT STATE Allowed  0x0  16 byte times
    Channel Supported  0x0F
      Peripheral Channel  bit 0 = 1
      Virtual Wire Channel  bit 1 = 1
      OOB Message Channel  bit 2 = 1
      Flash Access Channel  bit 3 = 1
  CRC  0x6B  ok
TAR  2 clocks
Response
  Response  0x08  ACCEPT
  Status  0x010F
    PC_FREE  bit 0 = 1
    NP_FREE  bit 1 = 1
    VWIRE_FREE  bit 2 = 1
    OOB_FREE  bit 3 = 1
    FLASH_C_FREE  bit 8 = 1
  CRC  0x95  ok
Session
  I/O Mode  0x1  Dual I/O, from this chip select's deassertion edge
  CRC Checking  0  disabled, from this chip select's deassertion edge
---
Command
  Opcode  0x22  SET_CONFIGURATION
  Address  0x0008  General Capabilities and Configurations
  Data  0x0F34000F
    CRC Checking Enable  0
    Response Modifier Enable  0
    RTC-Integrated-BMC  0
    Alert Mode  0
    I/O Mode Select  0x3  Reserved
    I/O Mode Support  0x3  Single, Dual and Quad I/O
    Open Drain Alert# Select  0
    Operating Frequency  0x3  50 MHz
    Open Drain Alert# Supported  0
    Maximum Frequency Supported  0x4  66 MHz
    Maximum WAIT STATE Allowed  0x0  16 byte times
    Channel Supported  0x0F
      Peripheral Channel  bit 0 = 1
      Virtual Wire Channel  bit 1 = 1
      OOB Message Channel  bit 2 = 1
      Flash Access Channel  bit 3 = 1
  CRC  0x53  ok
TAR  2 clocks
Response
  Response  0x08  ACCEPT
  Status  0x010F
    PC_FREE  bit 0 = 1
    NP_FREE  bit 1 = 1
    VWIRE_FREE  bit 2 = 1
    OOB_FREE  bit 3 = 1
    FLASH_C_FREE  bit 8 = 1
  CRC  0x95  ok
Session
  I/O Mode  0x3  Reserved, so the I/O mode is left as it was [!]
  CRC Checking  0  disabled, from this chip select's deassertion edge
