Command
  Opcode  0x05  GET_VWIRE
  CRC  0x1B  ok
TAR  2 clocks
Response
  Response  0x08  ACCEPT
  Virtual Wire Packet  3 groups
    Count  0xC2  3 groups
    Reserved  0xC0  count bits [7:6] must be driven to 0 [!]
    Index  0x0A  Reserved [!]
    Data  0x00
      Virtual Wire Layout  Reserved -- the base specification defines no wires for this index [!]
    Index  0x80  General Purpose I/O Expander, direction configured per index
    Data  0x39
      Level[1]  bit 1 = 0  low
      Level[0]  bit 0 = 1  high
      Masked  bit 3, bit 2  valid bit clear, level not updated
    Index  0x02  System Event, controller to target
    Data  0x88
      Masked  SLP_S5#, SLP_S4#, SLP_S3#  valid bit clear, level not updated
      Reserved  0x88  must be driven to 0 [!]
  Status  0x010F
    PC_FREE  bit 0 = 1
    NP_FREE  bit 1 = 1
    VWIRE_FREE  bit 2 = 1
    OOB_FREE  bit 3 = 1
    FLASH_C_FREE  bit 8 = 1
  CRC  0x58  ok
